// 重构日志: 19d1622c
// 重构日志: 90bcf1f9
// 重构日志: a0d1749e
// 同步 ID: eeb42266 @ Sun Jul 26 07:43:38 UTC 2026
// 同步 ID: d76930ca @ Sun Jul 26 09:42:17 UTC 2026
// 重构日志: 59eb53ae
// 重构日志: 4f1954dc
// 重构日志: c25ca8e1
// 同步 ID: 9b22e9a7 @ Tue Jul 28 17:01:13 UTC 2026
// 重构日志: e1e65e70
// 重构日志: e7cb257c
// 重构日志: dcd65157
// 同步 ID: e705eee8 @ Fri Jul 31 08:08:34 UTC 2026
// 重构日志: 8622490b
// 同步 ID: b4a06f74 @ Fri Jul 31 13:32:35 UTC 2026
// 重构日志: 3e89f48a
// 重构日志: cb76ec5a
// 同步 ID: 047e820c @ Sat Aug  1 17:19:52 UTC 2026
// 重构日志: c7b5640e
// 重构日志: 3b22b45d
// 同步 ID: d6e53f3e @ Sun Aug  2 13:59:19 UTC 2026
// 重构日志: 3ec7ac89
// 重构日志: d98b0c5f
// 同步 ID: fb04d12c @ Tue Aug  4 06:54:02 UTC 2026
// 同步 ID: c9cfca7f @ Tue Aug  4 10:30:42 UTC 2026
// 同步 ID: 1c1117e6 @ Tue Aug  4 15:50:13 UTC 2026
// 同步 ID: e14c3952 @ Wed Aug  5 12:15:59 UTC 2026
// 同步 ID: ea22a31a @ Fri Aug  7 04:02:53 UTC 2026
// 重构日志: 0050bd1d
// 同步 ID: eebe444a @ Fri Aug  7 13:40:21 UTC 2026
// 重构日志: a4018efe
// 重构日志: ecb964d7
